06-25 11:14:02.738 22183 22183 I adbd    : adbd service requested 'shell,v2,TERM=dumb:export ANDROID_LOG_TAGS=''; exec logcat 'VantaEngine:V' 'VantaQueryEngine:V' '*:S''
06-25 11:14:43.466  1605  1848 I Pageboost: start alp : com.aaryan_ka.VantaApp
06-25 11:14:43.469  1605  2635 I Pageboost: alp for : com.aaryan_ka.VantaApp , 0
06-25 11:14:43.469  3550  5271 E pageboostd: alp start : app comaaryan_kaVantaApp
06-25 11:14:43.470  3550  5271 E pageboostd: comaaryan_kaVantaApp, amt 0 scnt 0 fcnt 0
06-25 11:14:43.470  3208  3208 I HoneySpace.IconView: start dim animation : VantaApp
06-25 11:14:43.470  3550  5271 E pageboostd: comaaryan_kaVantaApp, amt 0 scnt 0 fcnt 0
06-25 11:14:43.470  3550  5271 E pageboostd: alp end : app comaaryan_kaVantaApp data_amount 0
06-25 11:14:43.498  1605  1696 I ActivityManager: Start proc 5273:com.aaryan_ka.VantaApp/u0a432 for activelaunch {com.aaryan_ka.VantaApp/com.aaryan_ka.VantaApp.MainActivity}
06-25 11:14:43.498  1605  1696 D DynamicHiddenApp_BGProtectManager: [SecIpm] it's a ML_TYPE_EMPTYPROCESS protected process com.aaryan_ka.VantaApp
06-25 11:14:43.508  5273  5273 I Zygote  : Process 5273 created for com.aaryan_ka.VantaApp
06-25 11:14:43.508  5273  5273 I yan_ka.VantaApp: Late-enabling -Xcheck:jni
06-25 11:14:43.526  5273  5273 I yan_ka.VantaApp: Using generational CollectorTypeCMC GC.
06-25 11:14:43.733  5273  5273 D nativeloader: Configuring clns-9 for other apk /data/app/~~_ifmB5iUF7MU-luFaYnT8Q==/com.aaryan_ka.VantaApp-LQFTb9X6KLNvjgYllyDw3A==/base.apk. target_sdk_version=36, uses_libraries=, library_path=/data/app/~~_ifmB5iUF7MU-luFaYnT8Q==/com.aaryan_ka.VantaApp-LQFTb9X6KLNvjgYllyDw3A==/lib/arm64:/data/app/~~_ifmB5iUF7MU-luFaYnT8Q==/com.aaryan_ka.VantaApp-LQFTb9X6KLNvjgYllyDw3A==/base.apk!/lib/arm64-v8a, permitted_path=/data:/mnt/expand:/data/user/0/com.aaryan_ka.VantaApp
06-25 11:14:43.742  5273  5273 V GraphicsEnvironment: com.aaryan_ka.VantaApp is not listed in per-application setting
06-25 11:14:43.785  5273  5273 W SoLoader: Recording new base apk path: /data/app/~~_ifmB5iUF7MU-luFaYnT8Q==/com.aaryan_ka.VantaApp-LQFTb9X6KLNvjgYllyDw3A==/base.apk
06-25 11:14:43.787  5273  5273 I SoLoader: Preparing SO source: DirectApkSoSource[root = [/data/app/~~_ifmB5iUF7MU-luFaYnT8Q==/com.aaryan_ka.VantaApp-LQFTb9X6KLNvjgYllyDw3A==/base.apk!/lib/arm64-v8a]]
06-25 11:14:43.838  5273  5273 I SoLoader: Preparing SO source: ApplicationSoSource[DirectorySoSource[root = /data/app/~~_ifmB5iUF7MU-luFaYnT8Q==/com.aaryan_ka.VantaApp-LQFTb9X6KLNvjgYllyDw3A==/lib/arm64 flags = 0]]
06-25 11:14:43.892  5273  5273 D nativeloader: Load /data/app/~~_ifmB5iUF7MU-luFaYnT8Q==/com.aaryan_ka.VantaApp-LQFTb9X6KLNvjgYllyDw3A==/base.apk!/lib/arm64-v8a/libc++_shared.so using class loader ns clns-9 (caller=/data/app/~~_ifmB5iUF7MU-luFaYnT8Q==/com.aaryan_ka.VantaApp-LQFTb9X6KLNvjgYllyDw3A==/base.apk): ok
06-25 11:14:43.897  5273  5273 D nativeloader: Load /data/app/~~_ifmB5iUF7MU-luFaYnT8Q==/com.aaryan_ka.VantaApp-LQFTb9X6KLNvjgYllyDw3A==/base.apk!/lib/arm64-v8a/libjsi.so using class loader ns clns-9 (caller=/data/app/~~_ifmB5iUF7MU-luFaYnT8Q==/com.aaryan_ka.VantaApp-LQFTb9X6KLNvjgYllyDw3A==/base.apk): ok
06-25 11:14:43.904  5273  5273 D nativeloader: Load /data/app/~~_ifmB5iUF7MU-luFaYnT8Q==/com.aaryan_ka.VantaApp-LQFTb9X6KLNvjgYllyDw3A==/base.apk!/lib/arm64-v8a/libfbjni.so using class loader ns clns-9 (caller=/data/app/~~_ifmB5iUF7MU-luFaYnT8Q==/com.aaryan_ka.VantaApp-LQFTb9X6KLNvjgYllyDw3A==/base.apk): ok
06-25 11:14:43.913  5273  5273 D nativeloader: Load /data/app/~~_ifmB5iUF7MU-luFaYnT8Q==/com.aaryan_ka.VantaApp-LQFTb9X6KLNvjgYllyDw3A==/base.apk!/lib/arm64-v8a/libreactnative.so using class loader ns clns-9 (caller=/data/app/~~_ifmB5iUF7MU-luFaYnT8Q==/com.aaryan_ka.VantaApp-LQFTb9X6KLNvjgYllyDw3A==/base.apk): ok
06-25 11:14:43.925  5273  5273 D nativeloader: Load /data/app/~~_ifmB5iUF7MU-luFaYnT8Q==/com.aaryan_ka.VantaApp-LQFTb9X6KLNvjgYllyDw3A==/base.apk!/lib/arm64-v8a/libreact_codegen_rnscreens.so using class loader ns clns-9 (caller=/data/app/~~_ifmB5iUF7MU-luFaYnT8Q==/com.aaryan_ka.VantaApp-LQFTb9X6KLNvjgYllyDw3A==/base.apk): ok
06-25 11:14:43.931  5273  5273 D nativeloader: Load /data/app/~~_ifmB5iUF7MU-luFaYnT8Q==/com.aaryan_ka.VantaApp-LQFTb9X6KLNvjgYllyDw3A==/base.apk!/lib/arm64-v8a/libreact_codegen_safeareacontext.so using class loader ns clns-9 (caller=/data/app/~~_ifmB5iUF7MU-luFaYnT8Q==/com.aaryan_ka.VantaApp-LQFTb9X6KLNvjgYllyDw3A==/base.apk): ok
06-25 11:14:43.934  5273  5273 D nativeloader: Load /data/app/~~_ifmB5iUF7MU-luFaYnT8Q==/com.aaryan_ka.VantaApp-LQFTb9X6KLNvjgYllyDw3A==/base.apk!/lib/arm64-v8a/libappmodules.so using class loader ns clns-9 (caller=/data/app/~~_ifmB5iUF7MU-luFaYnT8Q==/com.aaryan_ka.VantaApp-LQFTb9X6KLNvjgYllyDw3A==/base.apk): ok
06-25 11:14:43.946  1605  5016 I AppWidgetServiceImpl: getInstalledProvidersForProfiles lock in com.aaryan_ka.VantaApp
06-25 11:14:43.946  3208  3208 I Widget  : package : com.aaryan_ka.VantaApp, provider size : 0, isDex : false
06-25 11:14:43.963  3208  3208 I HoneySpace.QuickOptionPopup: Inflate QuickOption view: App(item=id:103493 label:VantaApp component:com.aaryan_ka.VantaApp/.MainActivity#UserHandle{0} badgeCount:0 drag:false iconState:NONE customLabel:null labelColor:null, pageRank=3, rank=17, dragged=false, hasReservedPosition=false, isOverlayApps=false) , Shortcut Count: 0 ,Notification Count: 0, Title: null 
06-25 11:14:44.099  3208  3208 I HoneySpace.IconView: end dim animation : VantaApp
06-25 11:14:44.295  3208  3208 I HoneySpace.IconView: Start BounceAnimation VantaApp
06-25 11:14:44.950  4986  4986 I UninstallationFragment: UninstallUserActionRequired(titleResId=2131755378, messageResId=null, positiveButtonResId=2131755078, appDataSize=0, appSnippet=AppSnippet[label = VantaApp, hasIcon = true], isClonedApp=false, isDifferentActivityName=false, isOtherUser=false, userName=null, targetAppInfo=ApplicationInfo{bc308d4 com.aaryan_ka.VantaApp}, targetActivityInfo=ActivityInfo{6b38a7d com.aaryan_ka.VantaApp.MainActivity})
06-25 11:14:45.885  4986  4986 I UninstallRepository: Uninstalling extras = Bundle[{com.android.packageinstaller.extra.EXTRA_PACKAGE_NAME=com.aaryan_ka.VantaApp, EXTRA_TARGET_USER_ID=0, com.android.packageinstaller.extra.IS_CLONE_APP=false, com.android.packageinstaller.extra.APP_LABEL=VantaApp, android.intent.extra.UNINSTALL_ALL_USERS=false, com.android.packageinstaller.extra.UNINSTALL_ID=-2147483613}]
06-25 11:14:45.887  1605  5153 I PackageManager: pkg{com.aaryan_ka.VantaApp}, user{0}, caller{10076} flags{0}
06-25 11:14:45.888  1605  5153 I PackageManager: 0002/{caller=com.google.android.packageinstaller, ver=1, pkg=com.aaryan_ka.VantaApp}
06-25 11:14:45.890  1605  1695 I ActivityManager: Force stopping com.aaryan_ka.VantaApp appid=10432 user=0: deletePackageX
06-25 11:14:45.891  1605  1695 I ActivityManager: Killing 5273:com.aaryan_ka.VantaApp/u0a432 (adj 850): stop com.aaryan_ka.VantaApp due to deletePackageX
06-25 11:14:45.893  1605  1695 D ActivityManager: proc ProcessRecord{2d2f68 5273:com.aaryan_ka.VantaApp/u0a432} already removed. so we skip next process.
06-25 11:14:45.969  1605  4111 V ActivityManager: Got obituary of 5273:com.aaryan_ka.VantaApp
06-25 11:14:45.973  1605  2506 D BackgroundInstallControlService: handlePackageRemove: removing com.aaryan_ka.VantaApp from 0
06-25 11:14:45.978  1605  1751 D AASA_PackageManager_RESTRICTED: Uninstall : userId = 0, info.uid = 10432, packageName = com.aaryan_ka.VantaApp
06-25 11:14:45.990  1605  1751 I ActivityManager: Force stopping com.aaryan_ka.VantaApp appid=10432 user=0: pkg removed
06-25 11:14:46.021  3333  3435 I PackageInfoManager_FLP: action : ACTION_PACKAGE_REMOVED, packageName = com.aaryan_ka.VantaApp
06-25 11:14:46.022  2909  3820 I SatelliteAppTracker: onPackageRemoved : com.aaryan_ka.VantaApp
06-25 11:14:46.022  2352  2393 I SSS@search user 0: (PackageBroadcastReceiver) packageName: com.aaryan_ka.VantaApp
06-25 11:14:46.022  2352  2393 I SSS@search user 0: (PackageBroadcastReceiver) Packages changed: com.aaryan_ka.VantaApp
06-25 11:14:46.022 32289 32289 I DWBPkgEventReceiver: Received : android.intent.action.PACKAGE_REMOVED, Package : com.aaryan_ka.VantaApp
06-25 11:14:46.023  2909  2909 D CarrierSvcBindHelper: onPackageRemoved: com.aaryan_ka.VantaApp
06-25 11:14:46.025  1605  2464 D AS.AudioService: com.aaryan_ka.VantaApp(10432) is removed
06-25 11:14:46.025  1605  2505 D ShortcutService: removing package: com.aaryan_ka.VantaApp userId=0
06-25 11:14:46.027  1605  2431 W WifiService: Couldn't get PackageInfo for package:com.aaryan_ka.VantaApp
06-25 11:14:46.027  1605  2431 D WifiService: Remove settings for package:com.aaryan_ka.VantaApp
06-25 11:14:46.027  1605  2431 D WifiConfigManager: Remove all networks for app ApplicationInfo{9ebe681 com.aaryan_ka.VantaApp}
06-25 11:14:46.030  2780  2780 D KeyguardShortcutManager: onReceive : Intent.EXTRA_REPLACING false, com.aaryan_ka.VantaApp
06-25 11:14:46.031  2780  2780 D Navbar.Store: handleEvent(0) OnPackageRemoved(packageName=com.aaryan_ka.VantaApp) [Module] NavBarStoreImpl
06-25 11:14:46.031  2780  2780 D SecSTQuickControlRequestReceiver: onReceiveForPackage action = android.intent.action.PACKAGE_REMOVED, pkgName = com.aaryan_ka.VantaApp
06-25 11:14:46.031  1605  2431 I PasspointManager: No app ops listener found for com.aaryan_ka.VantaApp
06-25 11:14:46.029  1605 10420 E HCPackageInfoUtils: NameNotFoundException for com.aaryan_ka.VantaApp
06-25 11:14:46.033  1605 10420 E HCPackageInfoUtils: NameNotFoundException for com.aaryan_ka.VantaApp
06-25 11:14:46.035  1605 10420 E HCPackageInfoUtils: NameNotFoundException for com.aaryan_ka.VantaApp
06-25 11:14:46.035  1605 10420 E HCPackageInfoUtils: NameNotFoundException for com.aaryan_ka.VantaApp
06-25 11:14:46.036  1605  2464 D SGM:GameManager: identifyGamePackage. com.aaryan_ka.VantaApp, mCurrentUserId: 0, callingMethodInfo: com.samsung.android.game.SemGameManager.isGamePackage(SemGameManager.java:106)
06-25 11:14:46.036  1605  2464 D SGM:SemGameManager: isGamePackage(), pkgName=com.aaryan_ka.VantaApp, ret=false
06-25 11:14:46.042  2909  2909 I VvmPkgInstalledRcvr: packageName: com.aaryan_ka.VantaApp, systemDialer: com.samsung.android.dialer
06-25 11:14:46.054  1605 10420 E HCPackageInfoUtils: NameNotFoundException for com.aaryan_ka.VantaApp
06-25 11:14:46.056  2909  2909 W VvmPkgInstalledRcvr: carrierVvmPkgAdded: carrier vvm packages doesn't contain com.aaryan_ka.VantaApp
06-25 11:14:46.057  1605 10420 E HCPackageInfoUtils: NameNotFoundException for com.aaryan_ka.VantaApp
06-25 11:14:46.058  1605 10420 E HCPackageInfoUtils: NameNotFoundException for com.aaryan_ka.VantaApp
06-25 11:14:46.059  1605 10420 E HCPackageInfoUtils: NameNotFoundException for com.aaryan_ka.VantaApp
06-25 11:14:46.104  2780  2780 I GoodLockLifecycle: onPackageRemoved: com.aaryan_ka.VantaApp
06-25 11:14:46.104  2780  2780 I LockStarSupportLifecycle: onPackageRemoved: com.aaryan_ka.VantaApp
06-25 11:14:46.104 32289 32289 I DWBPkgEventService: startId : 1, Received : com.samsung.android.forest.PACKAGE_REMOVED, Package : com.aaryan_ka.VantaApp
06-25 11:14:46.104  2780  2780 D FaceWidgetMusicViewModel: onPackageRemoved() pkg = com.aaryan_ka.VantaApp, r = false
06-25 11:14:46.104  2780  2780 I SharedAppWidgetFacade:  onPackageRemoved com.aaryan_ka.VantaApp
06-25 11:14:46.104  2780  2780 I SharedWidgetListManager:  provider removed com.aaryan_ka.VantaApp , size = 55 ,  55
06-25 11:14:46.116  1605  2415 I CredentialManager: updateProvidersWhenPackageRemoved)pkg=com.aaryan_ka.VantaApp (0)
06-25 11:14:46.117  1605  1850 D OverlayManager: onPackageRemoved pkgName=com.aaryan_ka.VantaApp userId=0
06-25 11:14:46.117  1605  1850 I OverlayManager: updateOverlaysForTarget() called with: targetPackage = [com.aaryan_ka.VantaApp], userId = [0], flags = [0]
06-25 11:14:46.117  1605  1869 D UsageStatsService: onPackageRemoved com.aaryan_ka.VantaApp
06-25 11:14:46.121  1605  1958 V StorageManagerService: Package com.aaryan_ka.VantaApp does not have legacy storage
06-25 11:14:46.142  4232  4232 I FILP/PackageIntentReceiver: pkgName : com.aaryan_ka.VantaApp
06-25 11:14:46.145  1605  1605 I DomainFilter: packageRemoved() - packageName: com.aaryan_ka.VantaApp uid: 0
06-25 11:14:46.167  1605  1899 D SEP_UNION_SemDeviceInfoManagerService: Package com.aaryan_ka.VantaApp is removed on User 0 
06-25 11:14:46.168  1605  2454 D LocationManagerService: package com.aaryan_ka.VantaApp reset
06-25 11:14:46.168  1605  1605 I Telecom : CarModeTracker: Package com.aaryan_ka.VantaApp is not tracked.: SSH.oR@t4A
06-25 11:14:46.174  1605  1605 I ConditionProviders: Disallowing condition provider com.aaryan_ka.VantaApp (userSet: true)
06-25 11:14:46.176  1605  2431 W WifiService: Couldn't get PackageInfo for package:com.aaryan_ka.VantaApp
06-25 11:14:46.176  1605  2431 D WifiService: Remove settings for package:com.aaryan_ka.VantaApp
06-25 11:14:46.176  1605  2431 D WifiConfigManager: Remove all networks for app ApplicationInfo{63b188e com.aaryan_ka.VantaApp}
06-25 11:14:46.176  1605  2431 I PasspointManager: No app ops listener found for com.aaryan_ka.VantaApp
06-25 11:14:46.178  1605  1874 I RollbackManager: broadcast=ACTION_PACKAGE_FULLY_REMOVED pkg=com.aaryan_ka.VantaApp
06-25 11:14:46.180  1605  2635 I Pageboost: remove app @ runtime : com.aaryan_ka.VantaApp
06-25 11:14:46.187  4272  4272 I Finsky:background: [2] Package no longer installed: com.aaryan_ka.VantaApp
06-25 11:14:46.195  4232  5355 I FILP/FilterInstaller: removeFromFS : com.aaryan_ka.VantaApp, cursor size : 0
06-25 11:14:46.195  4232  5355 I FILP/FilterInstaller: removeMyFilterSampleFromFS: VantaApp
06-25 11:14:46.203  4272  4272 I Finsky:background: [2] Package no longer installed: com.aaryan_ka.VantaApp
06-25 11:14:46.204  4272  4272 I Finsky:background: [2] Package no longer installed: com.aaryan_ka.VantaApp
06-25 11:14:46.226  1605  1605 D EnterpriseLicenseService: isPackageInstalled() - com.aaryan_ka.VantaApp not found in user 0
06-25 11:14:46.226  1605  1605 D EnterpriseLicenseService: isPackageInstalled() - com.aaryan_ka.VantaApp not found in user 150
06-25 11:14:46.229  4980  5260 E DMASA[C]: [LOGWING][l]Failed to get App version : com.aaryan_ka.VantaApp
06-25 11:14:46.234  4232  5355 I FILP/FilterInstaller: Delete all filter DB result : com.aaryan_ka.VantaApp, 0
06-25 11:14:46.234  4232  5355 I FILP/FilterInstaller: Delete filter DB result : com.aaryan_ka.VantaApp, 0
06-25 11:14:46.249  4232  5355 I FILP/FilterInstaller: Delete my filter DB result : com.aaryan_ka.VantaApp, 0
06-25 11:14:46.256 28179  5357 I ProximityAuth: [RecentAppsMediator] Package removed: (user=UserHandle{0}) com.aaryan_ka.VantaApp
06-25 11:14:46.257 31801 31801 I Finsky  : [2] AIM: AppInfoCacheUpdater -> invalidating apps: [com.aaryan_ka.VantaApp]
06-25 11:14:46.259  4232  5355 I FILP/FilterInstaller: uninstallFilters mPackageName: com.aaryan_ka.VantaApp
06-25 11:14:46.261 31801 31862 I Finsky  : [350] AIM: AppInfoManager-Perf > OnDeviceAppInfo > cacheHitCount=0, cacheMissCount=1. Missed  in cache (limit 10) : [com.aaryan_ka.VantaApp]
06-25 11:14:46.300  4272  4312 I Finsky:background: [344] IQ:PSL: skipping onPackageRemoved(replacing=false) for untracked package=com.aaryan_ka.VantaApp
06-25 11:14:46.312 30706 30706 D PersistedStoragePackageUninstalledReceiver: Received android.intent.action.PACKAGE_FULLY_REMOVED for com.aaryan_ka.VantaApp for u0
06-25 11:14:46.343 32289 32289 I DWBPkgEventReceiver: Received : android.intent.action.PACKAGE_FULLY_REMOVED, Package : com.aaryan_ka.VantaApp
06-25 11:14:46.344 24193  4181 I ENTM:Systemprocess: handlePackageRemoved().pkgName: com.aaryan_ka.VantaApp
06-25 11:14:46.344 24193  4181 I ENTM:Systemprocess: checkELMActivationForPackageRemoved().START - com.aaryan_ka.VantaApp
06-25 11:14:46.345 24193  4181 I ENTM:Systemprocess: checkKLMActivationForPackageRemoved().START - com.aaryan_ka.VantaApp
06-25 11:14:46.345 32289 32289 I DWBPkgEventService: startId : 1, Received : com.samsung.android.forest.PACKAGE_REMOVED, Package : com.aaryan_ka.VantaApp
06-25 11:14:46.349 31801  5380 I Finsky  : [479] Asset module storage cleared for package com.aaryan_ka.VantaApp.
06-25 11:14:46.351 24193  4181 I ENTM:DataBaseUtils: isSameTrackerIdInDeviceDB().START: com.aaryan_ka.VantaApp
06-25 11:14:46.365 31801 31801 W Finsky  : [2] STU: Failed to get storage stats for package 'com.aaryan_ka.VantaApp' (1601: Error getting stats: android.content.pm.PackageManager.NameNotFoundException)
06-25 11:14:46.417 26378  5399 W RWIPackageIntentOps: Registries cleared for package: com.aaryan_ka.VantaApp
06-25 11:14:46.440 26378   627 I Icing   : doRemovePackageData com.aaryan_ka.VantaApp
06-25 11:14:46.453  1605  1605 I AppSearchManagerService: Handling android.intent.action.PACKAGE_FULLY_REMOVED broadcast on package: com.aaryan_ka.VantaApp
06-25 11:14:46.478 26378  5375 W SQLiteLog: (28) double-quoted string literal: "com.aaryan_ka.VantaApp"
06-25 11:14:46.500  3542  3593 I Rubin   : [350] com.samsung.android.rubin.upload.util.runestonelog.RunestoneLogUtil.getAppVersion(SourceFile:20) : com.aaryan_ka.VantaApp is not exist
06-25 11:14:46.514  1605  5447 I Telecom : SamsungTelecomServiceImpl : clearAccounts - packageName : com.aaryan_ka.VantaApp / callingPid : 1605 / processName : sts / callingUser : UserHandle{0}
06-25 11:14:46.608  4899  5448 D MediaProvider: Deleted 0 Android/media items belonging to com.aaryan_ka.VantaApp on /data/user/0/com.google.android.providers.media.module/databases/external.db
06-25 11:14:46.646  4899  5448 I FuseDaemon: Successfully deleted rows in leveldb for owner_id:  and ownerPackageIdentifier: com.aaryan_ka.VantaApp::0
06-25 11:14:46.646  4899  5448 D MediaGrants: Removed 0 media_grants for 0 user for [com.aaryan_ka.VantaApp]. Reason: Package orphaned
06-25 11:14:46.700  1605  1694 I SGM:PackageUpdateReceiver: PkgUpdateReceiver, onPackageRemoved(). pkgName=com.aaryan_ka.VantaApp, userId=0
06-25 11:14:46.701  1605  1694 W SGM:Util: isPkgInstalled(), com.aaryan_ka.VantaApp does not exist. 
06-25 11:14:46.701  1605  1694 D SGM:Util: isPkgInstalled(). pkgName=com.aaryan_ka.VantaApp, userId=0, installed=false
06-25 11:14:46.701  1605  1694 D SGM:GosNotifyThread: sendPackageMessage(), changeType=1, pkgName=com.aaryan_ka.VantaApp, userHandleId=0
06-25 11:14:46.701  1605  1694 D MetaDataCollector: onReceive: done pkgName=com.aaryan_ka.VantaApp
06-25 11:14:46.711  1605  1694 I SettingsProvider: onPackageRemoved() : removeSettingsForPackageLocked(userId:0, deviceId:0) PackageName:com.aaryan_ka.VantaApp
06-25 11:14:46.733  1605  1694 D LauncherAppsService: Calling onPackageRemoved: com.aaryan_ka.VantaApp, EXTRA_REPLACING: false
06-25 11:14:46.733  1605  1694 D LauncherAppsService: onPackageRemoved: triggering onPackageRemoved for user=UserHandle{0}, packageName=com.aaryan_ka.VantaApp
06-25 11:14:46.733  1605  1694 D LauncherAppsService: onPackageRemoved: triggering onPackageRemoved for user=UserHandle{0}, packageName=com.aaryan_ka.VantaApp
06-25 11:14:46.733 27372 27406 D LauncherApps: onPackageRemoved 0,com.aaryan_ka.VantaApp
06-25 11:14:46.733  1605  1694 D LauncherAppsService: onPackageRemoved: triggering onPackageRemoved for user=UserHandle{0}, packageName=com.aaryan_ka.VantaApp
06-25 11:14:46.733  1605  1694 D LauncherAppsService: onPackageRemoved: triggering onPackageRemoved for user=UserHandle{0}, packageName=com.aaryan_ka.VantaApp
06-25 11:14:46.733  1605  1694 D LauncherApps: onPackageRemoved 0,com.aaryan_ka.VantaApp
06-25 11:14:46.733  3208  3208 I HoneySpace.PackageOperationTracker: onPackageRemoved - com.aaryan_ka.VantaApp UserHandle{0}
06-25 11:14:46.733  3208  3208 I HoneySpace.PackageChangedCallbackImpl: onPackageRemoved: com.aaryan_ka.VantaApp / UserHandle{0}
06-25 11:14:46.734  3208  5341 I HoneySpace.IconCache: remove icon cache & DB : com.aaryan_ka.VantaApp UserHandle{0}
06-25 11:14:46.734  2780  2788 D LauncherApps: onPackageRemoved 0,com.aaryan_ka.VantaApp
06-25 11:14:46.734  3208  5341 I HoneySpace.IconCache: removeSpecificIconDb: com.aaryan_ka.VantaApp UserHandle{0}
06-25 11:14:46.744  3208  3208 I HoneySpace.HoneySpaceManagerContainer: refreshHoneyPlugin, packageName: com.aaryan_ka.VantaApp
06-25 11:14:46.744  3208  3208 I HoneySpace.PackageEventHandler: Package removed : [com.aaryan_ka.VantaApp/.MainActivity#UserHandle{0}]
06-25 11:14:46.744  3208  5341 I HoneySpace.HoneySpacePackageSourceImpl: Package removed : com.aaryan_ka.VantaApp
06-25 11:14:46.744  3208  5341 I SearchableManager: com.aaryan_ka.VantaApp is not legacy engine type
06-25 11:14:46.744  3208  5341 I SearchableManager: invalidate: com.aaryan_ka.VantaApp
06-25 11:14:46.744  3208  3208 I HoneySpace.DataCache: deleteItem : id=103493, title=VantaApp, type=APP, containerType=ITEM_GROUP, containerId=23, x=-1, y=-1, rank=17, spanX=-1, spanY=-1, scale=1.0, component=com.aaryan_ka.VantaApp/.MainActivity, profileId=0, intent=null, restored=0, hidden=UNHIDDEN, appWidgetId=-1, options=0, refPackageName=null, customLabel=null, labelColor=null (appList) package removed
06-25 11:14:46.745  3208  5521 I HoneySpace.DataCache: delete item : (appList) package removed - APP / 103493 / 23 / VantaApp / com.aaryan_ka.VantaApp/.MainActivity / -1 / 0
06-25 11:14:47.145  3208  5342 I SearchEngineAppSuggestion: package removed: com.aaryan_ka.VantaApp
06-25 11:18:49.747 31801 31801 I Finsky  : [2] VerifyApps: Install-time verification requested for package com.aaryan_ka.VantaApp, PackageManager id = 134, Verifier id = f1806062-1155-45c1-b6d5-1afc8007eb03
06-25 11:18:49.973  9990 10014 I GOS:GameServiceReceiver:  PkgInstallStarted for com.aaryan_ka.VantaApp UserID : 0
06-25 11:18:50.090  9990 10015 W GOS:PackageUtil: isPackageInstalledAsUser(). Exception: android.content.pm.PackageManager$NameNotFoundException: com.aaryan_ka.VantaApp
06-25 11:18:50.090  9990 10015 I GOS:GameIntentService: onPackageChanged(). extras: Bundle[{changeType=2, userId=0, type=15, packageName=com.aaryan_ka.VantaApp}]
06-25 11:18:50.090  9990 10015 I GOS:GameIntentService: onPackageChanged(). changeType(INSTALL_STARTED), pkgName(com.aaryan_ka.VantaApp), UserHandle(0), userId(0), Installed(false)
06-25 11:18:50.095  9990 10015 W GOS:PackageUtil: isPackageInstalledAsUser(). Exception: android.content.pm.PackageManager$NameNotFoundException: com.aaryan_ka.VantaApp
06-25 11:18:50.597 31801  9969 I Finsky  : [504] VerifyApps: Anti-malware verification task started for package=com.aaryan_ka.VantaApp
06-25 11:18:51.828 31801  9969 I Finsky  : [504] VerifyApps: chooseScanResult for package=com.aaryan_ka.VantaApp with timeout=15000ms
06-25 11:18:51.831 31801 31859 I Finsky  : [349] VerifyApps: Starting APK Analysis scan for com.aaryan_ka.VantaApp.
06-25 11:18:51.832 31801 31859 I Finsky  : [349] Scanning package com.aaryan_ka.VantaApp contents with client side protections. File: [ba4DOzVFdAqux-ooX58N9emNLCa7-Ek60gbZY48P7V8]
06-25 11:18:51.832 31801 31859 I Finsky  : [349] VerifyApps: APK Analysis scan finished for com.aaryan_ka.VantaApp. Verdict: 0
06-25 11:18:51.835 31801  9969 I Finsky  : [504] VerifyApps: firstScanResult for package=com.aaryan_ka.VantaApp: 0
06-25 11:18:52.213 31801 10054 I Finsky  : [507] VerifyApps: Verification package=com.aaryan_ka.VantaApp, id=134, response=0, upload_requested=false, enable_ecm=false
06-25 11:18:52.214 31801 10054 I Finsky  : [507] VerifyApps: PAM result saving to datastore delayed for package: com.aaryan_ka.VantaApp
06-25 11:18:52.215 31801  9969 I Finsky  : [504] VerifyApps: overallScanResult for package=com.aaryan_ka.VantaApp: 0
06-25 11:18:52.215 31801  9969 I Finsky  : [504] VerifyApps: chooseScanResult returning verdict 0 for package=com.aaryan_ka.VantaApp
06-25 11:18:52.232 31801 31801 I Finsky  : [2] VerifyApps: Install-time verification complete: id=134, package_name=com.aaryan_ka.VantaApp
06-25 11:19:01.828  1605  1842 I PackageManager:           pkg{com.aaryan_ka.VantaApp}
06-25 11:19:02.215  1605  1751 D ApplicationPolicy: getApplicationStateEnabled : pkg = com.aaryan_ka.VantaApp userId : 0
06-25 11:19:02.217  1605  1751 D PermissionService: setAllowlistedRestrictedPermissionsUnchecked called for package - com.aaryan_ka.VantaApp
06-25 11:19:02.217  1605  1751 D PermissionService: updateAdminPermissionsInternalcom.aaryan_ka.VantaApp
06-25 11:19:02.306  1605  1751 D BackupManagerService: [UserID:0] restoreAtInstall pkg=com.aaryan_ka.VantaApp token=86 restoreSet=353fe4145d0b8d76
06-25 11:19:08.277 26378 30056 I Backup  : [GmsBackupTransport] Got full restore package: com.aaryan_ka.VantaApp
06-25 11:19:08.309  1605  4901 I BackupManagerService: Next restore package: RestoreDescription{com.aaryan_ka.VantaApp : STREAM}
06-25 11:19:08.321 26378 30056 I Backup  : [FullRestoreDataProcessorFac] Performing encrypted restore for com.aaryan_ka.VantaApp
06-25 11:19:10.862  1605 10125 I ActivityManager: Force stopping com.aaryan_ka.VantaApp appid=10434 user=0: clear data
06-25 11:19:10.871  1605 10125 D PackageManager: pkg{com.aaryan_ka.VantaApp}
06-25 11:19:10.873  1605  1751 I ActivityManager: Force stopping com.aaryan_ka.VantaApp appid=10434 user=0: clearApplicationUserData
06-25 11:19:10.932  2909  2909 D CarrierSvcBindHelper: onHandleForceStop: [com.aaryan_ka.VantaApp]
06-25 11:19:10.935  2780  2780 I WidgetCallbackCoordinator: onPackageDataCleared com.aaryan_ka.VantaApp
06-25 11:19:10.936  1605  1899 D SEP_UNION_SemDeviceInfoManagerService: Data cleared package = package:com.aaryan_ka.VantaApp, key = com.sec.android.app.myfiles 
06-25 11:19:10.936  1605  1899 D SEP_UNION_SemDeviceInfoManagerService: Data cleared package = package:com.aaryan_ka.VantaApp, key = com.samsung.android.app.routines 
06-25 11:19:10.936  1605  1899 D SEP_UNION_SemDeviceInfoManagerService: Data cleared package = package:com.aaryan_ka.VantaApp, key = com.samsung.android.smartsuggestions 
06-25 11:19:10.936  1605  2464 D AS.AudioService: com.aaryan_ka.VantaApp(10434) is data cleared
06-25 11:19:10.937  1605  2505 D ShortcutService: clearing data for package: com.aaryan_ka.VantaApp userId=0
06-25 11:19:10.949  1605  1605 I AppSearchManagerService: Handling android.intent.action.PACKAGE_DATA_CLEARED broadcast on package: com.aaryan_ka.VantaApp
06-25 11:19:10.950  2780  2780 D SecSTQuickControlRequestReceiver: onReceiveForPackage action = android.intent.action.PACKAGE_DATA_CLEARED, pkgName = com.aaryan_ka.VantaApp
06-25 11:19:10.952  1605  2454 D LocationManagerService: package com.aaryan_ka.VantaApp reset
06-25 11:19:10.966  1605 10125 D BackupManagerService: [UserID:0] awaiting agent for com.aaryan_ka.VantaApp
06-25 11:19:10.977  2780  2780 D Navbar.Store: handleEvent(0) OnPackageRemoved(packageName=com.aaryan_ka.VantaApp) [Module] NavBarStoreImpl
06-25 11:19:10.977  2780  2780 D SecSTQuickControlRequestReceiver: onReceiveForPackage action = android.intent.action.PACKAGE_RESTARTED, pkgName = com.aaryan_ka.VantaApp
06-25 11:19:10.999  1605  1696 I ActivityManager: Start proc 10147:com.aaryan_ka.VantaApp/u0a434 for backup {android/FullBackupAgent}
06-25 11:19:10.999  1605  1696 D DynamicHiddenApp_BGProtectManager: [SecIpm] it's a ML_TYPE_EMPTYPROCESS protected process com.aaryan_ka.VantaApp
06-25 11:19:11.001  1605  1694 I SettingsProvider: onPackageDataCleared() : removeSettingsForPackageLocked(userId:0, deviceId:0) PackageName:com.aaryan_ka.VantaApp
06-25 11:19:11.022 10147 10147 I Zygote  : Process 10147 created for com.aaryan_ka.VantaApp
06-25 11:19:11.023 10147 10147 I yan_ka.VantaApp: Late-enabling -Xcheck:jni
06-25 11:19:11.043 26378 26451 I Icing   : doRemovePackageData com.aaryan_ka.VantaApp
06-25 11:19:11.068 10147 10147 I yan_ka.VantaApp: Using generational CollectorTypeCMC GC.
06-25 11:19:11.069  2352  2352 I SSS@search user 0: (PackageBroadcastReceiver) packageName: com.aaryan_ka.VantaApp
06-25 11:19:11.074 30706 30706 D PersistedStoragePackageUninstalledReceiver: Received android.intent.action.PACKAGE_DATA_CLEARED for com.aaryan_ka.VantaApp for u0
06-25 11:19:11.134 22183 22183 I adbd    : adbd service requested 'shell,v2,TERM=xterm-256color,raw:'pm' 'list' 'packages' '--user' '0' 'com.aaryan_ka.VantaApp''
06-25 11:19:11.250 22183 22183 I adbd    : adbd service requested 'shell,v2,TERM=xterm-256color,raw:'am' 'start' '-f' '0x20000000' '-n' 'com.aaryan_ka.VantaApp/.MainActivity''
06-25 11:19:11.327 10147 10147 D nativeloader: Configuring clns-9 for other apk /data/app/~~m0URNwcwP2-UC0Dy1tiuEA==/com.aaryan_ka.VantaApp-fuCf2j-Ij07ZJmOcxV5YVQ==/base.apk. target_sdk_version=36, uses_libraries=, library_path=/data/app/~~m0URNwcwP2-UC0Dy1tiuEA==/com.aaryan_ka.VantaApp-fuCf2j-Ij07ZJmOcxV5YVQ==/lib/arm64:/data/app/~~m0URNwcwP2-UC0Dy1tiuEA==/com.aaryan_ka.VantaApp-fuCf2j-Ij07ZJmOcxV5YVQ==/base.apk!/lib/arm64-v8a, permitted_path=/data:/mnt/expand:/data/user/0/com.aaryan_ka.VantaApp
06-25 11:19:11.340 10147 10147 V GraphicsEnvironment: com.aaryan_ka.VantaApp is not listed in per-application setting
06-25 11:19:11.366  1605  4111 V WindowManager: Collecting in transition 4227: ActivityRecord{121069716 u0 com.aaryan_ka.VantaApp/.MainActivity, caller=com.android.server.wm.TransitionController.collect:7 com.android.server.wm.ActivityStarter.startActivityUnchecked:98 com.android.server.wm.ActivityStarter.executeRequest:3737 com.android.server.wm.ActivityStarter.execute:1751 com.android.server.wm.ActivityTaskManagerService.startActivityAsUser:95 
06-25 11:19:11.366  1605  4111 V WindowManager: DesktopModeLaunchParamsModifier: phase= 0 task=null activity=ActivityRecord{121069716 u0 com.aaryan_ka.VantaApp/.MainActivity t-1} display-area-from-current-params=null display-area-from-default-fallback=DefaultTaskDisplayArea_d0@157928626 display-id=0 task-display-area-windowing-mode=1 suggested-display-area=DefaultTaskDisplayArea_d0@157928626 task null, skipping
06-25 11:19:11.366  1605  4111 V WindowManager: TaskLaunchParamsModifier:phase=0 task=null activity=ActivityRecord{121069716 u0 com.aaryan_ka.VantaApp/.MainActivity t-1} display-area-from-current-params=null display-area-from-default-fallback=DefaultTaskDisplayArea_d0@157928626 display-id=0 task-display-area-windowing-mode=1 suggested-display-area=DefaultTaskDisplayArea_d0@157928626
06-25 11:19:11.366  1605  4111 D [secipm]: mSecIpmManager AppTouchDown com.aaryan_ka.VantaApp dex files
06-25 11:19:11.367  1605  4111 V WindowManager: DesktopModeLaunchParamsModifier: phase= 3 task=null activity=ActivityRecord{121069716 u0 com.aaryan_ka.VantaApp/.MainActivity t-1} display-area-from-current-params=null display-area-from-default-fallback=DefaultTaskDisplayArea_d0@157928626 display-id=0 task-display-area-windowing-mode=1 suggested-display-area=DefaultTaskDisplayArea_d0@157928626 task null, skipping
06-25 11:19:11.368  1605  4111 V WindowManager: TaskLaunchParamsModifier:phase=3 task=null activity=ActivityRecord{121069716 u0 com.aaryan_ka.VantaApp/.MainActivity t-1} display-area-from-current-params=null display-area-from-default-fallback=DefaultTaskDisplayArea_d0@157928626 display-id=0 task-display-area-windowing-mode=1 suggested-display-area=DefaultTaskDisplayArea_d0@157928626 non-freeform-task-display-area display-area=DefaultTaskDisplayArea_d0@157928626 activity-requested-portrait freeform-size-mismatch=Rect(81, 608 - 999, 1778)
06-25 11:19:11.379  1605  4111 V WindowManager: DesktopModeLaunchParamsModifier: phase= 3 task=Task{3fe587e #15276 type=standard A=10434:com.aaryan_ka.VantaApp} activity=ActivityRecord{121069716 u0 com.aaryan_ka.VantaApp/.MainActivity t-1} display-from-task=0 display-id=0 task-display-area-windowing-mode=1 suggested-display-area=DefaultTaskDisplayArea_d0@157928626 non-desktop, skipping
06-25 11:19:11.379  1605  4111 V WindowManager: TaskLaunchParamsModifier:phase=3 task=Task{3fe587e #15276 type=standard A=10434:com.aaryan_ka.VantaApp} activity=ActivityRecord{121069716 u0 com.aaryan_ka.VantaApp/.MainActivity t-1} display-from-task=0 display-id=0 task-display-area-windowing-mode=1 suggested-display-area=DefaultTaskDisplayArea_d0@157928626 inherit-from-task=fullscreen non-freeform-task-display-area display-area=DefaultTaskDisplayArea_d0@157928626 activity-requested-portrait freeform-size-mismatch=Rect(81, 608 - 999, 1778)
06-25 11:19:11.379  1605  4111 V WindowManager: Collecting in transition 4227: Task{3fe587e #15276 type=standard A=10434:com.aaryan_ka.VantaApp}, caller=com.android.server.wm.Transition.collectExistenceChange:40 com.android.server.wm.ActivityStarter.setNewTask:43 com.android.server.wm.ActivityStarter.startActivityInner:2225 com.android.server.wm.ActivityStarter.startActivityUnchecked:111 com.android.server.wm.ActivityStarter.executeRequest:3737 
06-25 11:19:11.381  1315  2009 I SurfaceFlinger: id=53343 createSurf, flag=84004, ActivityRecord{121069716 u0 com.aaryan_ka.VantaApp/.MainActivity t15276}#53343
06-25 11:19:11.382  1605  4111 V WindowManager: Add starting ActivityRecord{121069716 u0 com.aaryan_ka.VantaApp/.MainActivity t15276}: startingData=SplashScreenStartingData{85b40f5 removeAfterTransaction= 0}
06-25 11:19:11.383  1605  4111 V WindowManager: Added starting ActivityRecord{121069716 u0 com.aaryan_ka.VantaApp/.MainActivity t15276}: startingWindow=null startingView=com.android.server.wm.StartingSurfaceController$StartingSurface@ade0118
06-25 11:19:11.386  1605  4111 V WindowManager: Collecting in transition 4227: ActivityRecord{121069716 u0 com.aaryan_ka.VantaApp/.MainActivity t15276}, caller=com.android.server.wm.Transition.collectExistenceChange:40 com.android.server.wm.ActivityStarter.handleStartResult:754 com.android.server.wm.ActivityStarter.startActivityUnchecked:124 com.android.server.wm.ActivityStarter.executeRequest:3737 com.android.server.wm.ActivityStarter.execute:1751 
06-25 11:19:11.386  1605  4111 V WindowManager:    ChangeInfo{bd960cf container=Task{3fe587e #15276 type=standard A=10434:com.aaryan_ka.VantaApp} flags=0x0}
06-25 11:19:11.386  1605  4111 V WindowManager:    ChangeInfo{6277a5c container=ActivityRecord{121069716 u0 com.aaryan_ka.VantaApp/.MainActivity t15276} flags=0x0}
06-25 11:19:11.386  1605  4111 I ActivityTaskManager: START u0 {flg=0x30000000 xflg=0x5 cmp=com.aaryan_ka.VantaApp/.MainActivity} with LAUNCH_SINGLE_TASK from uid 2000 (com.android.shell) (BAL_ALLOW_PERMISSION) result code=0
06-25 11:19:11.387  2780  2798 V WindowManagerShell: Transition requested (#4227): android.os.BinderProxy@81b8b9 TransitionRequestInfo { type = OPEN, triggerTask = TaskInfo{userId=0 taskId=15276 effectiveUid=10434 displayId=0 isRunning=true baseIntent=Intent { flg=0x30000000 cmp=com.aaryan_ka.VantaApp/.MainActivity } baseActivity=ComponentInfo{com.aaryan_ka.VantaApp/com.aaryan_ka.VantaApp.MainActivity} topActivity=ComponentInfo{com.aaryan_ka.VantaApp/com.aaryan_ka.VantaApp.MainActivity} origActivity=null realActivity=ComponentInfo{com.aaryan_ka.VantaApp/com.aaryan_ka.VantaApp.MainActivity} numActivities=1 lastActiveTime=588384348 supportsMultiWindow=true resizeMode=1 isResizeable=true minWidth=-1 minHeight=-1 maxWidth=-1 maxHeight=-1 defaultMinSize=220 desktopDefaultMinSize=304 token=WCT{android.os.BinderProxy@59a34fe} topActivityType=1 pictureInPictureParams=null shouldDockBigOverlays=false launchIntoPipHostTaskId=-1 lastParentTaskIdBeforePip=-1 displayCutoutSafeInsets=Rect(0, 89 - 0, 0) topActivityInfo=ActivityInfo{942245f com.aaryan_ka.VantaApp.MainActivity} launchCookies=[] positionInParent=Point(0, 0) parentTaskId=-1 isFocused=false isVisible=false isVisibleRequested=false isTopActivityNoDisplay=false isSleeping=false locusId=null displayAreaFeatureId=1 isTopActivityTransparent=false isActivityStackTransparent=false lastNonFullscreenBounds=Rect(81, 608 - 999, 1778) capturedLink=null capturedLinkTimestamp=0 requestedVisibleTypes=503 topActivityRequestOpenInBrowserEducationTimestamp=0 appCompatTaskInfo=AppCompatTaskInfo { topActivityInSizeCompat=false isLeafTask= true eligibleForLetterboxEducation= false isLetterboxEducationEnabled= false isLetterboxDoubleTapEnabled= false eligibleForUserAspectRatioButton= false topActivityBoundsLetterboxed= false isFromLetterboxDoubleTap= false topActivityLetterboxVerticalPosition= -1 topActivityLetterboxHorizontalPosition= -1 topActivityLetterboxWidth=-1 topActivityLetterboxHeight=-1 topActivityAppBounds=Rect(0, 0 - 1080, 2340) isUserFullscreenOverrideEnabled=false isSystemFullscreenOverrideEnabled=false hasMinAspectRatioOverride=false topActivityLetterboxBounds=null cameraCompatTaskInfo=CameraCompatTaskInfo { cameraCompatMode=undefinedundefined} topActivityBounds=null topActivityInDisplayCompat=false showForceRotationButton=false forceRotationButtonState=0aspectRatioToRestore0 singleTapFromLetterbox=false topNonResizableActivityAspectRatio=-1.0} topActivityMainWindowFrame=null originallySupportedMultiWindow=true hasWallpaper=false rootAffinity=10434:com.aaryan_ka.VantaApp isTopTaskInStage=false CoverLauncherWidgetTask=false LaunchedFromAppsCoverLauncherTask=false LaunchedFromMultistarCoverLauncherTask=false isAllowedSeamlessRotation=false isTopTransparentActivity=false isAliasManaged=false hasConfigChanged=false isAiKeyRemoveAppTask=false lastDesktopWindowingBounds=null lastExternalDesktopWindowingBounds=nullisPackageNightModeActive=true safeCutoutInsets=null isAppBubble=false}, pipChange = null, remoteTransition = null, displayChange = null, requestedLocation = null, userChange = null, windowingLayerChange = null, flags = 0, debugId = 4227 }
06-25 11:19:11.393  1315  1315 I SurfaceFlinger: [ActivityRecord{121069716 u0 com.aaryan_ka.VantaApp/.MainActivity t15276}#53343] attach to parent LayerHierarchy{RequestedLayerState{Task=15276#53342 parentId=10} 1 children}
06-25 11:19:11.400  1605  2854 D WindowManager: prepareSync <SYNC_STATE_WAITING_FOR_DRAW>, mPrepareSyncSeqId=0, win=Window{42a6406 u0 Splash Screen com.aaryan_ka.VantaApp}
06-25 11:19:11.401  1315  2009 I SurfaceFlinger: id=53344 createSurf, flag=84004, 42a6406 Splash Screen com.aaryan_ka.VantaApp#53344
06-25 11:19:11.401  1605  2854 V WindowManager: addWindow: ActivityRecord{121069716 u0 com.aaryan_ka.VantaApp/.MainActivity t15276} startingWindow=Window{42a6406 u0 Splash Screen com.aaryan_ka.VantaApp}
06-25 11:19:11.402  2780  2835 I InsetsController: onStateChanged: host=Splash Screen com.aaryan_ka.VantaApp, from=android.view.ViewRootImpl.onInsetsStateChanged:3038, state=InsetsState: {mDisplayFrame=Rect(0, 0 - 1080, 2340), mDisplayCutout=DisplayCutout{insets=Rect(0, 89 - 0, 0) waterfall=Insets{left=0, top=0, right=0, bottom=0} boundingRect={Bounds=[Rect(0, 0 - 0, 0), Rect(507, 23 - 573, 89), Rect(0, 0 - 0, 0), Rect(0, 0 - 0, 0)]} cutoutPathParserInfo={CutoutPathParserInfo{displayWidth=1080 displayHeight=2340 physicalDisplayWidth=1080 physicalDisplayHeight=2340 density={2.8125} cutoutSpec={M 0,0 M 0,8.177777777777778 a 11.73333333333333,11.73333333333333 0 1,0 0,23.46666666666667 a 11.73333333333333,11.73333333333333 0 1,0 0,-23.46666666666667 Z @dp} rotation={0} scale={1.0} physicalPixelDisplaySizeRatio={1.0}}} sideOverrides={}}, mRoundedCorners=RoundedCorners{[RoundedCorner{position=TopLeft, radius=118, center=Point(118, 118)}, RoundedCorner{position=TopRight, radius=118, center=Point(962, 118)}, RoundedCorner{position=BottomRight, radius=118, center=Point(962, 2222)}, RoundedCorner{position=BottomLeft, radius=118, center=Point(118, 2222)}]}  mRoundedCornerFrame=Rect(0, 0 - 1080, 2340), mPrivacyIndicatorBounds=PrivacyIndicatorBounds {static bounds=Rect(956, 0 - 1080, 89) rotation=0}, mDisplayShape=DisplayShape{ spec=-311912193 displayWidth=1080 displayHeight=2340 physicalPixelDisplaySizeRatio=1.0 rotation=0 offsetX=0 offsetY=0 scale=1.0}, mSources= { InsetsSource: {e98b0001 mType=navigationBars mFrame=[0,2298][1080,2340] mAttachedInsets=null mVisible=true mFlags=SUPPRESS_SCRIM mSideHint=BOTTOM mBoundingRects=null}, InsetsSource: {e98b0004 mType=systemGestures mFrame=[0,0][84,2340] mAttachedInsets=null mVisible=true mFlags= mSideHint=LEFT mBoundingRects=null}, InsetsSource: {e98b0005 mType=mandatorySystemGestures mFrame=[0,2250][1080,2340] mAttachedInsets=null mVisible=true mFlags= mSideHint=BOTTOM mBoundingRects=null}, InsetsSource: {e98b0006 mType=tappableElement mFrame=[0,0][0,0] mAttachedInsets=null mVisible=true mFlags= mSideHint=NONE mBoundingRects=null}, InsetsSource: {e98b0024 mType=systemGestures mFrame=[996,0][1080,2340] mAttachedInsets=null mVisible=true mFlags= mSideHint=RIGHT mBoundingRects=null}, InsetsSource: {27 mType=displayCutout mFrame=[0,0][1080,89] mAttachedInsets=null mVisible=true mFlags= mSideHint=TOP mBoundingRects=null}, InsetsSource: {12150000 mType=statusBars mFrame=[0,0][1080,89] mAttachedInsets=null mVisible=true mFlags= mSideHint=TOP mBoundingRects=null}, InsetsSource: {12150005 mType=mandatorySystemGestures mFrame=[0,0][1080,123] mAttachedInsets=null mVisible=true mFlags= mSideHint=TOP mBoundingRects=null}, InsetsSource: {12150006 mType=tappableElement mFrame=[0,0][1080,89] mAttachedInsets=null mVisible=true mFlags= mSideHint=TOP mBoundingRects=null} }
06-25 11:19:11.402  2780  2835 I VRI[VantaApp]@8b89eac: synced displayState. AttachInfo displayState=2
06-25 11:19:11.402  2780  2835 I VRI[VantaApp]@8b89eac: setView = android.widget.FrameLayout@d148af3 IsHRR=false mFlingFrameRateChange=0 TM=true
06-25 11:19:11.409  1315  1315 I SurfaceFlinger: [42a6406 Splash Screen com.aaryan_ka.VantaApp#53344] attach to parent LayerHierarchy{RequestedLayerState{ActivityRecord{121069716 u0 com.aaryan_ka.VantaApp/.MainActivity t15276}#53343 parentId=53342} 1 children}
06-25 11:19:11.411  1605  1848 D BackupManagerService: [UserID:0] agentConnected pkg=com.aaryan_ka.VantaApp agent=android.os.BinderProxy@6e3edde
06-25 11:19:11.413  1605  4408 D CoreBackPreview: Window{42a6406 u0 Splash Screen com.aaryan_ka.VantaApp}: Setting back callback OnBackInvokedCallbackInfo{mCallback=android.window.IOnBackInvokedCallback$Stub$Proxy@e405dd5, mPriority=0, mIsAnimationCallback=false, mOverrideBehavior=0}
06-25 11:19:11.413  1605  1848 I WindowManager: Relayout Window{42a6406 u0 Splash Screen com.aaryan_ka.VantaApp}: viewVisibility=0 req=1080x2340 ty=3 d0
06-25 11:19:11.414  1315  1373 I SurfaceFlinger: id=53345 createSurf, flag=44004, Splash Screen com.aaryan_ka.VantaApp$_2780#53345
06-25 11:19:11.414  1605  1848 D WindowManager: makeSurface duration=0 name=Splash Screen com.aaryan_ka.VantaApp$_2780
06-25 11:19:11.417  2780  2835 I BLASTBufferQueue_Java: new BLASTBufferQueue, mName= VRI[VantaApp]@8b89eac mNativeObject= 0xb400007c48c62d50 caller= android.view.ViewRootImpl.updateBlastSurfaceIfNeeded:3603 android.view.ViewRootImpl.relayoutWindow:11813 android.view.ViewRootImpl.performTraversals:4840 android.view.ViewRootImpl.doTraversal:3959 android.view.ViewRootImpl$TraversalRunnable.run:13034 android.view.Choreographer$CallbackRecord.run:1961 android.view.Choreographer$CallbackRecord.run:1970 android.view.Choreographer.doCallbacks:1423 android.view.Choreographer.doFrame:1348 android.view.Choreographer$FrameDisplayEventReceiver.run:1930 
06-25 11:19:11.417  2780  2835 I BLASTBufferQueue_Java: update, w= 1080 h= 2340 mName = VRI[VantaApp]@8b89eac mNativeObject= 0xb400007c48c62d50 sc.mNativeObject= 0xb400007de895ead0 format= -3 caller= android.view.ViewRootImpl.updateBlastSurfaceIfNeeded:3608 android.view.ViewRootImpl.relayoutWindow:11813 android.view.ViewRootImpl.performTraversals:4840 android.view.ViewRootImpl.doTraversal:3959 android.view.ViewRootImpl$TraversalRunnable.run:13034 android.view.Choreographer$CallbackRecord.run:1961 
06-25 11:19:11.418  2780  2835 I VRI[VantaApp]@8b89eac: Relayout returned: old=(0,0,1080,2340) new=(0,0,1080,2340) relayoutAsync=false req=(1080,2340)0 dur=3 res=0x3 s={true 0xb400007e48dc58b0} ch=true seqId=0
06-25 11:19:11.419  2780  2835 D VRI[VantaApp]@8b89eac: mThreadedRenderer.initialize() mSurface={isValid=true 0xb400007e48dc58b0} hwInitialized=true
06-25 11:19:11.419  2780  2835 D VRI[VantaApp]@8b89eac: reportNextDraw android.view.ViewRootImpl.performTraversals:5507 android.view.ViewRootImpl.doTraversal:3959 android.view.ViewRootImpl$TraversalRunnable.run:13034 android.view.Choreographer$CallbackRecord.run:1961 android.view.Choreographer$CallbackRecord.run:1970 
06-25 11:19:11.419  2780  2835 D VRI[VantaApp]@8b89eac: Setup new sync=wmsSync-VRI[VantaApp]@8b89eac#14
06-25 11:19:11.419  2780  2835 I VRI[VantaApp]@8b89eac: Creating new active sync group VRI[VantaApp]@8b89eac#15
06-25 11:19:11.419  2780  2835 D VRI[VantaApp]@8b89eac: registerCallbacksForSync syncBuffer=false
06-25 11:19:11.422  1605  4408 V WindowManager: Collecting in transition 4227: ActivityRecord{121069716 u0 com.aaryan_ka.VantaApp/.MainActivity t15276}, caller=com.android.server.wm.TransitionController.collect:7 com.android.server.wm.ActivityRecord.setVisibility:132 com.android.server.wm.TaskFragment.resumeTopActivity:2400 com.android.server.wm.Task.resumeTopActivityInnerLocked:154 com.android.server.wm.Task.resumeTopActivityUncheckedLocked:23 
06-25 11:19:11.423  1605  4408 D WindowManager: rotationForOrientation, orientationSource=ActivityRecord{121069716 u0 com.aaryan_ka.VantaApp/.MainActivity t15276}
06-25 11:19:11.423  1605  4408 V WindowManager: Collecting in transition 4227: ActivityRecord{121069716 u0 com.aaryan_ka.VantaApp/.MainActivity t15276}, caller=com.android.server.wm.TransitionController.collect:7 com.android.server.wm.ActivityRecord.setVisibility:132 com.android.server.wm.ActivityTaskSupervisor.realStartActivityLocked:203 com.android.server.wm.ActivityTaskSupervisor.startSpecificActivity:27 com.android.server.wm.TaskFragment.resumeTopActivity:2405 
06-25 11:19:11.423  1605  4408 D SGM:FgCheckThread: notifyAppCreated(), packageName: com.aaryan_ka.VantaApp, userId: 0, sendRet: true
06-25 11:19:11.424  1605  4408 D SGM:FgCheckThread:   sendRunningComponentFocus(), pkgName: com.aaryan_ka.VantaApp, userId: 0
06-25 11:19:11.424  1605  4408 D InputDispatcher: Focused application(0): ActivityRecord{121069716 u0 com.aaryan_ka.VantaApp/.MainActivity t15276}
06-25 11:19:11.425  1605  4408 D WindowManagerServiceExt: updateTaskbarTargetIfNeeded: cn=ComponentInfo{com.aaryan_ka.VantaApp/com.aaryan_ka.VantaApp.MainActivity} occludesParent=true isInSplitScreenMode=false
06-25 11:19:11.426  1605  4408 D ActivityTaskManager: scheduleTopResumedActivityChanged, onTop=true, r=ActivityRecord{121069716 u0 com.aaryan_ka.VantaApp/.MainActivity t15276}, caller=com.android.server.wm.ActivityTaskSupervisor.scheduleTopResumedActivityStateIfNeeded:18 com.android.server.wm.ActivityTaskSupervisor.handleTopResumedStateReleasedIfNeeded:57 com.android.server.wm.ActivityRecord.activityPaused:94 com.android.server.wm.ActivityClientController.activityPaused:26 android.app.IActivityClientController$Stub.onTransact:812 com.android.server.wm.ActivityClientController.onTransact:1 
06-25 11:19:11.426  1315  1315 I SurfaceFlinger: [Splash Screen com.aaryan_ka.VantaApp$_2780#53345] attach to parent LayerHierarchy{RequestedLayerState{42a6406 Splash Screen com.aaryan_ka.VantaApp#53344 parentId=53343} 1 children}
06-25 11:19:11.427  1605  4408 D BLASTSyncEngine: SyncGroup 4227:  Unfinished container: ActivityRecord{121069716 u0 com.aaryan_ka.VantaApp/.MainActivity t15276} mSyncState=2
06-25 11:19:11.429  1605  2555 D SGM:GameManager: identifyGamePackage. com.aaryan_ka.VantaApp, mCurrentUserId: 0, callingMethodInfo: com.samsung.android.game.SemGameManager.isGamePackage(SemGameManager.java:106)
06-25 11:19:11.429  1605  2555 D SGM:SemGameManager: isGamePackage(), pkgName=com.aaryan_ka.VantaApp, ret=false
06-25 11:19:11.431  2780  2870 D VRI[VantaApp]@8b89eac: Received frameDrawingCallback syncResult=0 frameNum=1.
06-25 11:19:11.431  2780  2870 I VRI[VantaApp]@8b89eac: mWNT: t=0xb400007c589953c0 mBlastBufferQueue=0xb400007c48c62d50 fn= 1 HdrRenderState mRenderHdrSdrRatio=1.0 caller= android.view.ViewRootImpl$12.onFrameDraw:15561 android.view.ThreadedRenderer$1.onFrameDraw:751 <bottom of call stack> 
06-25 11:19:11.431  2780  2870 I VRI[VantaApp]@8b89eac: Setting up sync and frameCommitCallback
06-25 11:19:11.431  2780  2871 I BLASTBufferQueue: [VRI[VantaApp]@8b89eac#2633](f:0,a:0,s:0) onFrameAvailable the first frame is available
06-25 11:19:11.431  2780  2871 I VRI[VantaApp]@8b89eac: Received frameCommittedCallback lastAttemptedDrawFrameNum=1 didProduceBuffer=true
06-25 11:19:11.432  1315  1914 I SurfaceFlinger: [Splash Screen com.aaryan_ka.VantaApp$_2780#53345] setTransactionState with the first frame. bufferData(ID: 11940009100699, frameNumber: 1)
06-25 11:19:11.432  2780  2835 D VRI[VantaApp]@8b89eac: reportDrawFinished seqId=0
06-25 11:19:11.433  3208  3515 I HoneySpace.TopTaskUseCase: topTasks 15276 ComponentInfo{com.aaryan_ka.VantaApp/com.aaryan_ka.VantaApp.MainActivity}[displayId=0]
06-25 11:19:11.435  1605  1954 D SGM:FgCheckThread: onLooperPrepared(), msg: MSG_APP_CREATE, pkgName: com.aaryan_ka.VantaApp, userId: 0
06-25 11:19:11.435  1605  1954 D SGM:FgCheckThread: onLooperPrepared(), msg: MSG_TASK_FOCUSED, pkgName: com.aaryan_ka.VantaApp, userId: 0
06-25 11:19:11.436  1605  1954 D SGM:FgCheckThread:   handleTaskFocused(), pkgName: com.aaryan_ka.VantaApp, userID:0
06-25 11:19:11.436  1605  1954 D SGM:FgCheckThread:   handleResume(). pkgName: com.aaryan_ka.VantaApp, userId: 0, category: non-game
06-25 11:19:11.436  1605  1954 D SGM:FgCheckThread: notifyFocusInOut(). of pkg: com.aaryan_ka.VantaApp, type: 4, isSecGameFamily: false, userId: 0
06-25 11:19:11.439  1605  3636 D WindowManager: finishDrawingWindow: Window{42a6406 u0 Splash Screen com.aaryan_ka.VantaApp} mDrawState=DRAW_PENDING seqId=0
06-25 11:19:11.439  1605  3636 V WindowManager: Finishing drawing window Window{42a6406 u0 Splash Screen com.aaryan_ka.VantaApp}: mDrawState=DRAW_PENDING
06-25 11:19:11.439  1605  3636 V WindowManager: Draw state now committed in Window{42a6406 u0 Splash Screen com.aaryan_ka.VantaApp}
06-25 11:19:11.439  1605  4111 D GraphicsStatsService: requestRenderEngineFor(com.aaryan_ka.VantaApp)
06-25 11:19:11.439 10147 10147 D ActivityThread: com.aaryan_ka.VantaApp will use render engine as VK
